 KÉÖÖÖÉ |ÅÖÖÖÖÖÖÖÖÖÅ WÖÖÖÖÖÖÖÖÖÖÖÖÖ CÖÖÖÖÖÅÅÅÅÖÖÖÖÖ 1ÖÖÖÖÅÅ CÅÅÖÖÖÖ !ÅÖÖÖ gÖÖÖÅÖÖÖÅÅ )CCC )ÅÅÖÖÖÖÖÖ  CEGGGEC  ÖÖÖÉÖÖÅÅEGGGGGEÅÅÖÖÉÖÖÖ  CGG[GGC  ÖÖÖÖÖÖ  CGG[GGC  ÖÖÖÖÖÖ  CGG[GGC  ÖÖÖÉÖÖÅÅEGGGGGEÅÅÖÖÉÖÖÖ  CEGGGEC  ÖÖÖÖÖÖÅÅ )CCC )ÅÅÖÖÖÅÖÖÖ gÖÖÖÅ !ÖÖÖÖÅÅ CÅÅÖÖÖÖ 1ÖÖÖÖÖÅÅÅÅÖÖÖÖÖ CÖÖÖÖÖÖÖÖÖÖÖÖÖ WÅÖÖÖÖÖÖÖÖÖÅ |ÉÖÖÖÉ K